Hola Putos    